// 同步 ID: bf628374 @ Sun Jul 19 13:53:28 UTC 2026
// 同步 ID: 8f2c314c @ Sun Jul 19 18:07:19 UTC 2026
// 重构日志: f1417def
// 重构日志: 64bffe07
// 重构日志: 0855bfcb
// 重构日志: fcfa2dd5
// 重构日志: 632de7fb
// 重构日志: 98b8c636
// 重构日志: 1e63bd73
// 同步 ID: 90f23b8d @ Wed Jul 22 07:04:01 UTC 2026
// 重构日志: 6d029561
// 重构日志: 5c140ac2
// 重构日志: a54f50b7
// 重构日志: c40a8b83
// 重构日志: f313fbc4
// 同步 ID: 8f30b02c @ Fri Jul 24 12:36:29 UTC 2026
// 同步 ID: 5593706d @ Fri Jul 24 20:38:22 UTC 2026
// 重构日志: 9021d270
// 重构日志: f95386ff
// 重构日志: e13a1187
// 重构日志: 06d9f2b9
// 重构日志: 1e872006
// 重构日志: 451f9979
// 重构日志: 86d2c266
// 同步 ID: 50201ff8 @ Sun Jul 26 15:26:14 UTC 2026
// 重构日志: 3e9b219b
// 重构日志: 324b33e6
// 同步 ID: e67ae19a @ Mon Jul 27 15:10:18 UTC 2026
// 重构日志: 2ca3c622
// 同步 ID: 00fbcfea @ Tue Jul 28 08:08:30 UTC 2026
// 重构日志: fbec8bc1
